V3 44
FL /home/waseemh/Xilinx_Proj/CPU-2016/tested_src/top_CPU/carry_look_ahead_block.vhd 2016/04/07.01:15:13 P.20131013
EN work/carry_look_ahead_block 1460243272 \
      FL /home/waseemh/Xilinx_Proj/CPU-2016/tested_src/top_CPU/carry_look_ahead_block.vhd \
      PB ieee/std_logic_1164 1381692176
AR work/carry_look_ahead_block/Behavioral 1460243273 \
      FL /home/waseemh/Xilinx_Proj/CPU-2016/tested_src/top_CPU/carry_look_ahead_block.vhd \
      EN work/carry_look_ahead_block 1460243272
FL /home/waseemh/Xilinx_Proj/CPU-2016/tested_src/top_CPU/four_bits_CLA_adder.vhd 2016/04/07.01:15:13 P.20131013
EN work/four_bits_CLA_adder 1460243270 \
      FL /home/waseemh/Xilinx_Proj/CPU-2016/tested_src/top_CPU/four_bits_CLA_adder.vhd \
      PB ieee/std_logic_1164 1381692176
AR work/four_bits_CLA_adder/Behavioral 1460243271 \
      FL /home/waseemh/Xilinx_Proj/CPU-2016/tested_src/top_CPU/four_bits_CLA_adder.vhd \
      EN work/four_bits_CLA_adder 1460243270
FL /home/waseemh/Xilinx_Proj/CPU-2016/tested_src/top_CPU/logic_module.vhd 2016/04/09.23:58:50 P.20131013
EN work/logic_module 1460243278 \
      FL /home/waseemh/Xilinx_Proj/CPU-2016/tested_src/top_CPU/logic_module.vhd \
      PB ieee/std_logic_1164 1381692176
AR work/logic_module/Behavioral 1460243279 \
      FL /home/waseemh/Xilinx_Proj/CPU-2016/tested_src/top_CPU/logic_module.vhd \
      EN work/logic_module 1460243278
FL /home/waseemh/Xilinx_Proj/CPU-2016/tested_src/top_CPU/register_file.vhd 2016/04/10.23:40:03 P.20131013
EN work/register_file 1460331739 \
      FL /home/waseemh/Xilinx_Proj/CPU-2016/tested_src/top_CPU/register_file.vhd \
      PB ieee/std_logic_1164 1381692176 PB ieee/NUMERIC_STD 1381692181
AR work/register_file/Behavioral 1460331740 \
      FL /home/waseemh/Xilinx_Proj/CPU-2016/tested_src/top_CPU/register_file.vhd \
      EN work/register_file 1460331739
FL /home/waseemh/Xilinx_Proj/CPU-2016/tested_src/top_CPU/sixteen_bits_adder.vhd 2016/04/07.01:15:13 P.20131013
EN work/sixteen_bits_adder 1460243274 \
      FL /home/waseemh/Xilinx_Proj/CPU-2016/tested_src/top_CPU/sixteen_bits_adder.vhd \
      PB ieee/std_logic_1164 1381692176 LB work
AR work/sixteen_bits_adder/Behavioral 1460243275 \
      FL /home/waseemh/Xilinx_Proj/CPU-2016/tested_src/top_CPU/sixteen_bits_adder.vhd \
      EN work/sixteen_bits_adder 1460243274 CP work/four_bits_CLA_adder \
      CP work/carry_look_ahead_block
FL /home/waseemh/Xilinx_Proj/CPU-2016/tested_src/top_CPU/sixteen_bits_add_sub.vhd 2016/04/07.01:15:13 P.20131013
EN work/sixteen_bits_add_sub 1460243276 \
      FL /home/waseemh/Xilinx_Proj/CPU-2016/tested_src/top_CPU/sixteen_bits_add_sub.vhd \
      PB ieee/std_logic_1164 1381692176 LB work
AR work/sixteen_bits_add_sub/Behavioral 1460243277 \
      FL /home/waseemh/Xilinx_Proj/CPU-2016/tested_src/top_CPU/sixteen_bits_add_sub.vhd \
      EN work/sixteen_bits_add_sub 1460243276 CP work/sixteen_bits_adder
FL /home/waseemh/Xilinx_Proj/CPU-2016/untested_src/ALU_module.vhd 2016/04/10.01:07:38 P.20131013
EN work/ALU_module 1460243282 \
      FL /home/waseemh/Xilinx_Proj/CPU-2016/untested_src/ALU_module.vhd \
      PB ieee/std_logic_1164 1381692176 LB work
AR work/ALU_module/Behavioral 1460243283 \
      FL /home/waseemh/Xilinx_Proj/CPU-2016/untested_src/ALU_module.vhd \
      EN work/ALU_module 1460243282 CP work/sixteen_bits_add_sub \
      CP work/logic_module CP work/shift_module
FL /home/waseemh/Xilinx_Proj/CPU-2016/untested_src/data_memory_simulation.vhd 2016/04/10.02:00:15 P.20131013
EN work/data_memory_simulation 1460246421 \
      FL /home/waseemh/Xilinx_Proj/CPU-2016/untested_src/data_memory_simulation.vhd \
      PB ieee/std_logic_1164 1381692176 PB ieee/NUMERIC_STD 1381692181
AR work/data_memory_simulation/Behavioral 1460246422 \
      FL /home/waseemh/Xilinx_Proj/CPU-2016/untested_src/data_memory_simulation.vhd \
      EN work/data_memory_simulation 1460246421
FL /home/waseemh/Xilinx_Proj/CPU-2016/untested_src/decode_stage.vhd 2016/04/11.01:42:13 P.20131013
EN work/decode_stage 1460331741 \
      FL /home/waseemh/Xilinx_Proj/CPU-2016/untested_src/decode_stage.vhd \
      PB ieee/std_logic_1164 1381692176 LB work
AR work/decode_stage/Behavioral 1460331742 \
      FL /home/waseemh/Xilinx_Proj/CPU-2016/untested_src/decode_stage.vhd \
      EN work/decode_stage 1460331741 CP work/register_file
FL /home/waseemh/Xilinx_Proj/CPU-2016/untested_src/dual_edge_check.vhd 2016/04/10.22:45:22 P.20131013
EN work/dual_edge_check 1460321129 \
      FL /home/waseemh/Xilinx_Proj/CPU-2016/untested_src/dual_edge_check.vhd \
      PB ieee/std_logic_1164 1381692176 PB ieee/NUMERIC_STD 1381692181
AR work/dual_edge_check/Behavioral 1460321130 \
      FL /home/waseemh/Xilinx_Proj/CPU-2016/untested_src/dual_edge_check.vhd \
      EN work/dual_edge_check 1460321129
FL /home/waseemh/Xilinx_Proj/CPU-2016/untested_src/instr_mem_simulatio.vhd 2016/04/10.02:04:04 P.20131013
EN work/instr_memory_simulation 1460246650 \
      FL /home/waseemh/Xilinx_Proj/CPU-2016/untested_src/instr_mem_simulatio.vhd \
      PB ieee/std_logic_1164 1381692176 PB ieee/NUMERIC_STD 1381692181
AR work/instr_memory_simulation/Behavioral 1460246651 \
      FL /home/waseemh/Xilinx_Proj/CPU-2016/untested_src/instr_mem_simulatio.vhd \
      EN work/instr_memory_simulation 1460246650
FL /home/waseemh/Xilinx_Proj/CPU-2016/untested_src/shift_module.vhd 2016/04/10.00:24:46 P.20131013
EN work/shift_module 1460243280 \
      FL /home/waseemh/Xilinx_Proj/CPU-2016/untested_src/shift_module.vhd \
      PB ieee/std_logic_1164 1381692176 PB ieee/NUMERIC_STD 1381692181
AR work/shift_module/Behavioral 1460243281 \
      FL /home/waseemh/Xilinx_Proj/CPU-2016/untested_src/shift_module.vhd \
      EN work/shift_module 1460243280
